%!Adobe-FontList 1.22
%Locale:0x407

%BeginFont
Handler:DirectoryHandler
FontType:TrueType
FontName:FranklinGothic-Book
FamilyName:Franklin Gothic Book
StyleName:Regular
FullName:Franklin Gothic Book
MenuName:Franklin Gothic Book
StyleBits:0
WritingScript:Roman
OutlineFileName:D:\Dokumente\Blender\Exhale_Merch\Photobioreactor\Booklet\Document fonts\FRABK.TTF
DataFormat:sfntData
hasSVG:no
VariableFontType:NonVariableFont
FileLength:152700
FileModTime:1673705614
WeightClass:400
WidthClass:5
AngleClass:0
NameArray:0,Mac,4,Franklin Gothic Book
NameArray:0,Win,1,Franklin Gothic Book
%EndFont

%BeginFont
Handler:DirectoryHandler
FontType:TrueType
FontName:FranklinGothic-DemiCond
FamilyName:Franklin Gothic Demi Cond
StyleName:Regular
FullName:Franklin Gothic Demi Cond
MenuName:Franklin Gothic Demi Cond
StyleBits:0
WritingScript:Roman
OutlineFileName:D:\Dokumente\Blender\Exhale_Merch\Photobioreactor\Booklet\Document fonts\FRADMCN.TTF
DataFormat:sfntData
hasSVG:no
VariableFontType:NonVariableFont
FileLength:116940
FileModTime:1673705614
WeightClass:400
WidthClass:3
AngleClass:0
NameArray:0,Mac,4,Franklin Gothic Demi Cond
NameArray:0,Win,1,Franklin Gothic Demi Cond
%EndFont

%BeginFont
Handler:DirectoryHandler
FontType:TrueType
FontName:RedHatText-Light
FamilyName:Red Hat Text
StyleName:Light
FullName:Red Hat Text Light
MenuName:Red Hat Text
StyleBits:0
WritingScript:Roman
OutlineFileName:D:\Dokumente\Blender\Exhale_Merch\Photobioreactor\Booklet\Document fonts\RedHatText-VariableFont_wght.ttf
DataFormat:sfntData
hasSVG:no
VariableFontType:TrueTypeVariableFont
FileLength:93780
FileModTime:1673705614
WeightClass:300
WidthClass:5
AngleClass:0
NameArray:0,Win,1,Red Hat Text
%EndFont

